../Core/Src/main.c:81:6:Distance_Sensor	32	static
../Core/Src/main.c:105:8:ServoMotor	16	static
../Core/Src/main.c:127:6:HAL_UART_RxCpltCallback	16	static
../Core/Src/main.c:194:5:main	40	static
../Core/Src/main.c:287:6:SystemClock_Config	88	static
../Core/Src/main.c:334:13:MX_TIM1_Init	96	static
../Core/Src/main.c:409:13:MX_TIM2_Init	32	static
../Core/Src/main.c:454:13:MX_TIM3_Init	64	static
../Core/Src/main.c:513:13:MX_TIM4_Init	64	static
../Core/Src/main.c:572:13:MX_USART1_UART_Init	8	static
../Core/Src/main.c:605:13:MX_USART2_UART_Init	8	static
../Core/Src/main.c:638:13:MX_USART6_UART_Init	8	static
../Core/Src/main.c:671:13:MX_GPIO_Init	48	static
../Core/Src/main.c:733:6:Error_Handler	4	static,ignoring_inline_asm
