../Core/Src/main.c:81:6:Distance_Sensor	32	static
../Core/Src/main.c:104:8:ServoMotor	16	static
../Core/Src/main.c:126:6:HAL_UART_RxCpltCallback	24	static
../Core/Src/main.c:191:5:main	40	static
../Core/Src/main.c:269:6:SystemClock_Config	88	static
../Core/Src/main.c:316:13:MX_TIM1_Init	96	static
../Core/Src/main.c:391:13:MX_TIM2_Init	32	static
../Core/Src/main.c:436:13:MX_TIM3_Init	64	static
../Core/Src/main.c:495:13:MX_TIM4_Init	64	static
../Core/Src/main.c:554:13:MX_USART1_UART_Init	8	static
../Core/Src/main.c:587:13:MX_USART2_UART_Init	8	static
../Core/Src/main.c:620:13:MX_USART6_UART_Init	8	static
../Core/Src/main.c:653:13:MX_GPIO_Init	48	static
../Core/Src/main.c:709:6:Error_Handler	4	static,ignoring_inline_asm
